
> pillow_peek@0.1.0 build
> next build

   Γû▓ Next.js 16.0.10 (Turbopack)
   - Environments: .env

   Creating an optimized production build ...
 Γ£ô Compiled successfully in 5.1s
   Running TypeScript ...
node.exe : Failed to compile.
At C:\Program Files\nodejs\npm.ps1:29 char:3
+   & $NODE_EXE $NPM_CLI_JS $args
+   ~~~~~~~~~~~~~~~~~~~~~~~~~~~~~
    + CategoryInfo          : NotSpecified: (Fai 
   led to compile.:String) [], RemoteException
    + FullyQualifiedErrorId : NativeCommandError
 

./lib/auth-client.ts:2:10
Type error: Module '"better-auth/plugins/admin"' 
has no exported member 'adminClient'.

[0m [90m 1 |[39m [36mimport[39m { 
createAuthClient } [36mfrom[39m 
[32m"better-auth/react"[39m[33m;[39m
[31m[1m>[22m[39m[90m 2 |[39m 
[36mimport[39m { adminClient } [36mfrom[39m 
[32m"better-auth/plugins/admin"[39m[33m;[39m
 [90m   |[39m          [31m[1m^[22m[39m
 [90m 3 |[39m
 [90m 4 |[39m [36mexport[39m [36mconst[39m 
authClient [33m=[39m createAuthClient({
 [90m 5 |[39m   baseURL[33m:[39m process[33m
.[39menv[33m.[39m[33mNEXT_PUBLIC_APP_URL[39m
[33m,[39m [90m// Ensure this env var is 
set[39m[0m
Next.js build worker exited with code: 1 and 
signal: null
